../Core/doom/net_server.c:176:16:ClientConnected	0	static
../Core/doom/net_server.c:231:13:NET_SV_AssignPlayers	24	static
../Core/doom/net_server.c:263:12:NET_SV_NumPlayers	8	static
../Core/doom/net_server.c:302:12:NET_SV_MaxPlayers	16	static
../Core/doom/net_server.c:359:22:NET_SV_Controller	16	static
../Core/doom/net_server.c:446:21:NET_SV_LatestAcknowledged	16	static
../Core/doom/net_server.c:1003:13:NET_SV_SendResendRequest	24	static
../Core/doom/net_server.c:1284:13:NET_SV_SendTics	32	static
../Core/doom/net_server.c:546:13:NET_SV_SendReject	16	static
../Core/doom/net_server.c:585:13:NET_SV_ParseSYN	384	static
../Core/doom/net_server.c:386:13:NET_SV_SendWaitingData	576	static
../Core/doom/net_server.c:925:13:CheckStartGame	32	static
../Core/doom/net_server.c:188:13:NET_SV_SendConsoleMessage.constprop	1044	static
../Core/doom/net_server.c:207:13:NET_SV_BroadcastMessage	1056	static
../Core/doom/net_server.c:1748:13:NET_SV_GameEnded	16	static
../Core/doom/net_server.c:1374:6:NET_SV_SendQueryResponse	48	static
../Core/doom/net_server.c:1688:6:NET_SV_CheckDeadlock	24	static
../Core/doom/net_server.c:1843:6:NET_SV_AddModule	8	static
../Core/doom/net_server.c:1851:6:NET_SV_Init	8	static
../Core/doom/net_server.c:1902:6:NET_SV_RegisterWithMaster	8	static
../Core/doom/net_server.c:1933:6:NET_SV_Run	264	static
../Core/doom/net_server.c:1990:6:NET_SV_Shutdown	32	static
