../Core/opl/emu8950.c:194:15:blackman	24	static
../Core/opl/emu8950.c:195:15:sinc	16	static
../Core/opl/emu8950.c:196:15:windowed_sinc	24	static
../Core/opl/emu8950.c:199:15:OPL_RateConv_new	56	static
../Core/opl/emu8950.c:232:23:lookup_sinc_table	32	static
../Core/opl/emu8950.c:240:6:OPL_RateConv_reset	24	static
../Core/opl/emu8950.c:251:6:OPL_RateConv_putData	32	static
../Core/opl/emu8950.c:264:9:OPL_RateConv_getData	64	static
../Core/opl/emu8950.c:282:6:OPL_RateConv_delete	24	static
../Core/opl/emu8950.c:299:13:makeSinTable	16	static
../Core/opl/emu8950.c:364:13:makeTllTable	32	static
../Core/opl/emu8950.c:397:13:makeRksTable	24	static
../Core/opl/emu8950.c:415:13:initializeTables	8	static
../Core/opl/emu8950.c:477:19:get_parameter_rate	16	static
../Core/opl/emu8950.c:503:20:request_update	16	static
../Core/opl/emu8950.c:505:13:commit_slot_update	32	static
../Core/opl/emu8950.c:566:13:reset_slot	16	static
../Core/opl/emu8950.c:588:20:slotOn	32	static
../Core/opl/emu8950.c:608:20:slotOff	24	static
../Core/opl/emu8950.c:615:20:update_key_status	40	static
../Core/opl/emu8950.c:673:20:set_fnumber	32	static
../Core/opl/emu8950.c:686:20:set_block	32	static
../Core/opl/emu8950.c:698:20:update_rhythm_mode	24	static
../Core/opl/emu8950.c:726:13:update_ampm	24	static
../Core/opl/emu8950.c:743:13:update_ampm_table	32	static
../Core/opl/emu8950.c:768:13:update_noise	24	static
../Core/opl/emu8950.c:781:20:update_short_noise	32	static
../Core/opl/emu8950.c:796:20:calc_phase	32	static
../Core/opl/emu8950.c:814:23:lookup_attack_step	24	static
../Core/opl/emu8950.c:831:23:lookup_decay_step	24	static
../Core/opl/emu8950.c:849:20:calc_envelope	32	static
../Core/opl/emu8950.c:901:13:update_slots	24	static
../Core/opl/emu8950.c:918:13:process_update_requests	24	static
../Core/opl/emu8950.c:930:20:update_slot_for_buffer_calc	24	static
../Core/opl/emu8950.c:944:23:lookup_exp_table	24	static
../Core/opl/emu8950.c:952:23:to_linear	24	static
../Core/opl/emu8950.c:989:23:calc_slot_car	32	static
../Core/opl/emu8950.c:1001:23:calc_slot_mod	32	static
../Core/opl/emu8950.c:1015:23:calc_slot_tom	24	static
../Core/opl/emu8950.c:1025:23:calc_slot_snare	24	static
../Core/opl/emu8950.c:1039:23:calc_slot_cym	24	static
../Core/opl/emu8950.c:1048:23:calc_slot_hat	24	static
../Core/opl/emu8950.c:1075:23:calc_fm	32	static
../Core/opl/emu8950.c:1085:13:latch_timer1	16	static
../Core/opl/emu8950.c:1087:13:latch_timer2	16	static
../Core/opl/emu8950.c:1089:13:csm_key_on	16	static
../Core/opl/emu8950.c:1095:13:csm_key_off	16	static
../Core/opl/emu8950.c:1101:20:update_timer	16	static
../Core/opl/emu8950.c:1231:6:OPL_calc_buffer_stereo	40	static
../Core/opl/emu8950.c:1398:6:OPL_new	24	static
../Core/opl/emu8950.c:1429:6:OPL_delete	16	static
../Core/opl/emu8950.c:1444:13:reset_rate_conversion_params	32	static
../Core/opl/emu8950.c:1470:6:refresh_adpcm_object	16	static
../Core/opl/emu8950.c:1493:6:OPL_reset	24	static
../Core/opl/emu8950.c:1554:6:OPL_setRate	16	static
../Core/opl/emu8950.c:1560:6:OPL_setQuality	16	static
../Core/opl/emu8950.c:1562:6:OPL_setChipType	16	static
../Core/opl/emu8950.c:1571:6:OPL_writeIO	24	static
../Core/opl/emu8950.c:1579:6:OPL_setPan	24	static
../Core/opl/emu8950.c:1581:6:OPL_setPanFine	24	static
../Core/opl/emu8950.c:1626:10:OPL_setMask	24	static
../Core/opl/emu8950.c:1640:10:OPL_toggleMask	24	static
../Core/opl/emu8950.c:1654:6:OPL_writeReg	32	static
../Core/opl/emu8950.c:1799:9:OPL_readIO	16	static
../Core/opl/emu8950.c:1801:9:OPL_status	24	static
../Core/opl/emu8950.c:1819:6:OPL_writeADPCMData	24	static
