../Core/opl/opl.c:563:26:InitDriver	24	static
../Core/opl/opl.c:602:26:AutoSelectDriver	24	static
../Core/opl/opl.c:621:6:OPL_Delay	16	static
../Core/opl/opl.c:629:19:OPL_Init	16	static
../Core/opl/opl.c:682:6:OPL_Shutdown	8	static
../Core/opl/opl.c:693:6:OPL_SetSampleRate	16	static
../Core/opl/opl.c:698:6:OPL_WritePort	16	static
../Core/opl/opl.c:710:14:OPL_ReadPort	24	static
../Core/opl/opl.c:741:14:OPL_ReadStatus	8	static
../Core/opl/opl.c:748:6:OPL_WriteRegister	24	static
../Core/opl/opl.c:793:19:OPL_Detect	24	static
../Core/opl/opl.c:853:6:OPL_InitRegisters	24	static
../Core/opl/opl.c:932:6:OPL_SetCallback	32	static
../Core/opl/opl.c:940:6:OPL_ClearCallbacks	8	static
../Core/opl/opl.c:948:6:OPL_Lock	8	static
../Core/opl/opl.c:956:6:OPL_Unlock	8	static
../Core/opl/opl.c:964:6:OPL_SetPaused	16	static
../Core/opl/opl.c:972:6:OPL_AdjustCallbacks	16	static
