../Core/opl/opl3.c:184:15:OPL3_EnvelopeCalcExp	16	static
../Core/opl/opl3.c:193:15:OPL3_EnvelopeCalcSin0	24	static
../Core/opl/opl3.c:213:15:OPL3_EnvelopeCalcSin1	24	static
../Core/opl/opl3.c:232:15:OPL3_EnvelopeCalcSin2	24	static
../Core/opl/opl3.c:247:15:OPL3_EnvelopeCalcSin3	24	static
../Core/opl/opl3.c:262:15:OPL3_EnvelopeCalcSin4	24	static
../Core/opl/opl3.c:286:15:OPL3_EnvelopeCalcSin5	24	static
../Core/opl/opl3.c:305:15:OPL3_EnvelopeCalcSin6	24	static
../Core/opl/opl3.c:316:15:OPL3_EnvelopeCalcSin7	24	static
../Core/opl/opl3.c:349:13:OPL3_EnvelopeUpdateKSL	24	static
../Core/opl/opl3.c:360:13:OPL3_EnvelopeCalc	32	static
../Core/opl/opl3.c:507:13:OPL3_EnvelopeKeyOn	16	static
../Core/opl/opl3.c:512:13:OPL3_EnvelopeKeyOff	16	static
../Core/opl/opl3.c:521:13:OPL3_PhaseGenerate	48	static
../Core/opl/opl3.c:615:13:OPL3_SlotWrite20	16	static
../Core/opl/opl3.c:631:13:OPL3_SlotWrite40	16	static
../Core/opl/opl3.c:638:13:OPL3_SlotWrite60	16	static
../Core/opl/opl3.c:644:13:OPL3_SlotWrite80	16	static
../Core/opl/opl3.c:654:13:OPL3_SlotWriteE0	16	static
../Core/opl/opl3.c:663:13:OPL3_SlotGenerate	16	static
../Core/opl/opl3.c:668:13:OPL3_SlotCalcFB	16	static
../Core/opl/opl3.c:687:13:OPL3_ChannelUpdateRhythm	32	static
../Core/opl/opl3.c:779:13:OPL3_ChannelWriteA0	16	static
../Core/opl/opl3.c:799:13:OPL3_ChannelWriteB0	16	static
../Core/opl/opl3.c:821:13:OPL3_ChannelSetupAlg	16	static
../Core/opl/opl3.c:922:13:OPL3_ChannelWriteC0	16	static
../Core/opl/opl3.c:961:13:OPL3_ChannelKeyOn	16	static
../Core/opl/opl3.c:985:13:OPL3_ChannelKeyOff	16	static
../Core/opl/opl3.c:1009:13:OPL3_ChannelSet4Op	24	static
../Core/opl/opl3.c:1033:15:OPL3_ClipSample	16	static
../Core/opl/opl3.c:1046:6:OPL3_Generate	64	static
../Core/opl/opl3.c:1178:6:OPL3_GenerateResampled	16	static
../Core/opl/opl3.c:1194:6:OPL3_Reset	24	static
../Core/opl/opl3.c:1241:6:OPL3_WriteReg	24	static
../Core/opl/opl3.c:1340:6:OPL3_WriteRegBuffered	40	static
../Core/opl/opl3.c:1368:6:OPL3_GenerateStream	32	static
