../Core/opl/opl_woody.c:171:6:operator_advance	16	static
../Core/opl/opl_woody.c:181:6:operator_advance_drums	48	static
../Core/opl/opl_woody.c:218:6:operator_output	32	static
../Core/opl/opl_woody.c:234:6:operator_off	16	static
../Core/opl/opl_woody.c:240:6:operator_sustain	24	static
../Core/opl/opl_woody.c:249:6:operator_release	24	static
../Core/opl/opl_woody.c:275:6:operator_decay	24	static
../Core/opl/opl_woody.c:304:6:operator_attack	24	static
../Core/opl/opl_woody.c:339:6:change_attackrate	48	static
../Core/opl/opl_woody.c:378:6:change_decayrate	40	static
../Core/opl/opl_woody.c:392:6:change_releaserate	40	static
../Core/opl/opl_woody.c:406:6:change_sustainlevel	24	static
../Core/opl/opl_woody.c:416:6:change_waveform	16	static
../Core/opl/opl_woody.c:426:6:change_keepsustain	16	static
../Core/opl/opl_woody.c:436:6:change_vibrato	16	static
../Core/opl/opl_woody.c:442:6:change_feedback	24	static
../Core/opl/opl_woody.c:448:6:change_frequency	48	static
../Core/opl/opl_woody.c:476:6:enable_operator	32	static
../Core/opl/opl_woody.c:490:6:disable_operator	16	static
../Core/opl/opl_woody.c:500:6:adlib_init	264	static
../Core/opl/opl_woody.c:623:6:adlib_write	152	static
../Core/opl/opl_woody.c:919:6:adlib_reg_read	16	static
../Core/opl/opl_woody.c:935:6:adlib_write_index	16	static
../Core/opl/opl_woody.c:945:24:clipit16	16	static
../Core/opl/opl_woody.c:976:6:adlib_getsample	6232	static
