../Core/Src/main.c:106:5:main	8	static,ignoring_inline_asm
../Core/Src/main.c:188:6:SystemClock_Config	120	static
../Core/Src/main.c:246:6:PeriphCommonClock_Config	200	static
../Core/Src/main.c:276:13:MX_I2S1_Init	8	static
../Core/Src/main.c:312:13:MX_SDMMC1_SD_Init	4	static
../Core/Src/main.c:339:13:MX_TIM1_Init	40	static
../Core/Src/main.c:386:13:MX_TIM2_Init	40	static
../Core/Src/main.c:431:13:MX_TIM5_Init	72	static
../Core/Src/main.c:491:13:MX_TIM8_Init	112	static
../Core/Src/main.c:582:13:MX_DMA_Init	16	static
../Core/Src/main.c:611:13:MX_FMC_Init	56	static
../Core/Src/main.c:703:13:MX_GPIO_Init	64	static
../Core/Src/main.c:768:13:SDIO_SDCard_Mount	16	static
../Core/Src/main.c:783:6:main_sleep_func	4	static
../Core/Src/main.c:793:6:Error_Handler	4	static,ignoring_inline_asm
