../Core/Src/stm32h7xx_hal_msp.c:68:6:HAL_MspInit	16	static
../Core/Src/stm32h7xx_hal_msp.c:102:6:HAL_I2S_MspInit	48	static
../Core/Src/stm32h7xx_hal_msp.c:162:6:HAL_I2S_MspDeInit	16	static
../Core/Src/stm32h7xx_hal_msp.c:194:6:HAL_SD_MspInit	48	static
../Core/Src/stm32h7xx_hal_msp.c:247:6:HAL_SD_MspDeInit	16	static
../Core/Src/stm32h7xx_hal_msp.c:285:6:HAL_TIM_Base_MspInit	32	static
../Core/Src/stm32h7xx_hal_msp.c:363:6:HAL_TIM_MspPostInit	48	static
../Core/Src/stm32h7xx_hal_msp.c:415:6:HAL_TIM_Base_MspDeInit	16	static
../Core/Src/stm32h7xx_hal_msp.c:475:13:HAL_FMC_MspInit	32	static
../Core/Src/stm32h7xx_hal_msp.c:575:6:HAL_SDRAM_MspInit	16	static
../Core/Src/stm32h7xx_hal_msp.c:587:13:HAL_FMC_MspDeInit	8	static
../Core/Src/stm32h7xx_hal_msp.c:660:6:HAL_SDRAM_MspDeInit	16	static
