../Core/doom/am_map.c:262:6:AM_getIslope	24	static
../Core/doom/am_map.c:282:6:AM_activateNewScale	8	static
../Core/doom/am_map.c:297:6:AM_saveScaleAndLoc	4	static
../Core/doom/am_map.c:308:6:AM_restoreScaleAndLoc	8	static
../Core/doom/am_map.c:334:6:AM_addMark	4	static
../Core/doom/am_map.c:345:6:AM_findMinMaxBoundaries	24	static
../Core/doom/am_map.c:383:6:AM_changeWindowLoc	4	static
../Core/doom/am_map.c:411:6:AM_initVariables	16	static
../Core/doom/am_map.c:466:6:AM_loadPics	24	static
../Core/doom/am_map.c:478:6:AM_unloadPics	24	static
../Core/doom/am_map.c:490:6:AM_clearMarks	16	static
../Core/doom/am_map.c:503:6:AM_LevelInit	8	static
../Core/doom/am_map.c:521:6:AM_Stop	8	static
../Core/doom/am_map.c:534:6:AM_Start	8	static
../Core/doom/am_map.c:554:6:AM_minOutWindowScale	8	static
../Core/doom/am_map.c:564:6:AM_maxOutWindowScale	8	static
../Core/doom/am_map.c:575:1:AM_Responder	40	static
../Core/doom/am_map.c:753:6:AM_changeWindowScale	8	static
../Core/doom/am_map.c:771:6:AM_doFollowPlayer	8	static
../Core/doom/am_map.c:793:6:AM_updateLightLev	4	static
../Core/doom/am_map.c:813:6:AM_Ticker	8	static
../Core/doom/am_map.c:839:6:AM_clearFB	16	static
../Core/doom/am_map.c:852:1:AM_clipMline	48	static
../Core/doom/am_map.c:987:6:AM_drawFline	48	static
../Core/doom/am_map.c:1061:6:AM_drawMline	16	static
../Core/doom/am_map.c:1073:6:AM_drawGrid	48	static
../Core/doom/am_map.c:1116:6:AM_drawWalls	16	static
../Core/doom/am_map.c:1174:6:AM_rotate	40	static
../Core/doom/am_map.c:1189:6:AM_drawLineCharacter	48	static
../Core/doom/am_map.c:1236:6:AM_drawPlayers	40	static
../Core/doom/am_map.c:1276:6:AM_drawThings	40	static
../Core/doom/am_map.c:1294:6:AM_drawMarks	40	static
../Core/doom/am_map.c:1314:6:AM_drawCrosshair	16	static
../Core/doom/am_map.c:1319:6:AM_Drawer	8	static
