../Core/doom/d_iwad.c:54:9:D_IsIWADName	24	static
../Core/doom/d_iwad.c:79:13:AddIWADDir	16	static
../Core/doom/d_iwad.c:489:16:DirIsFile	16	static
../Core/doom/d_iwad.c:499:14:CheckDirectoryHasIWAD	24	static
../Core/doom/d_iwad.c:539:14:SearchDirectoryForIWAD	32	static
../Core/doom/d_iwad.c:567:22:IdentifyIWADByName	24	static
../Core/doom/d_iwad.c:599:13:AddIWADPath	32	static
../Core/doom/d_iwad.c:736:13:BuildIWADDirList	8	static
../Core/doom/d_iwad.c:800:7:D_FindWADByName	32	static
../Core/doom/d_iwad.c:856:7:D_TryFindWADByName	24	static
../Core/doom/d_iwad.c:879:7:D_FindIWAD	32	static
../Core/doom/d_iwad.c:930:16:D_FindAllIWADs	32	static
../Core/doom/d_iwad.c:969:13:D_SaveGameIWADName	24	static
../Core/doom/d_iwad.c:1009:13:D_SuggestIWADName	24	static
../Core/doom/d_iwad.c:1024:13:D_SuggestGameName	24	static
