../Core/doom/d_loop.c:122:12:GetAdjustedTime	16	static
../Core/doom/d_loop.c:139:16:BuildNewTic	40	static
../Core/doom/d_loop.c:205:6:NetUpdate	24	static
../Core/doom/d_loop.c:253:13:D_Disconnected	8	static
../Core/doom/d_loop.c:272:6:D_ReceiveTic	32	static
../Core/doom/d_loop.c:306:6:D_StartGameLoop	8	static
../Core/doom/d_loop.c:339:6:D_StartNetGame	24	static
../Core/doom/d_loop.c:435:9:D_InitNetGame	24	static
../Core/doom/d_loop.c:542:6:D_QuitNetGame	4	static
../Core/doom/d_loop.c:550:12:GetLowTic	16	static
../Core/doom/d_loop.c:571:13:OldNetSync	16	static
../Core/doom/d_loop.c:622:16:PlayersInGame	16	static
../Core/doom/d_loop.c:652:13:TicdupSquash	24	static
../Core/doom/d_loop.c:669:13:SinglePlayerClear	24	static
../Core/doom/d_loop.c:686:6:TryRunTics	40	static
../Core/doom/d_loop.c:806:6:D_RegisterLoopCallbacks	16	static
../Core/doom/d_loop.c:815:16:StrictDemos	8	static
../Core/doom/d_loop.c:833:9:D_NonVanillaRecord	16	static
../Core/doom/d_loop.c:849:16:IsDemoFile	24	static
../Core/doom/d_loop.c:870:9:D_NonVanillaPlayback	24	static
