../Core/doom/d_main.c:129:6:D_ProcessEvents	16	static
../Core/doom/d_main.c:153:9:D_Display	24	static
../Core/doom/d_main.c:279:13:EnableLoadingDisk	16	static
../Core/doom/d_main.c:317:6:D_BindVariables	24	static
../Core/doom/d_main.c:373:9:D_GrabMouseCallback	4	static
../Core/doom/d_main.c:393:6:D_RunFrame	24	static
../Core/doom/d_main.c:445:6:D_DoomLoop	8	static
../Core/doom/d_main.c:500:6:D_PageTicker	8	static
../Core/doom/d_main.c:509:6:D_PageDrawer	8	static
../Core/doom/d_main.c:518:6:D_AdvanceDemo	4	static
../Core/doom/d_main.c:527:6:D_DoAdvanceDemo	8	static
../Core/doom/d_main.c:612:6:D_StartTitle	8	static
../Core/doom/d_main.c:669:14:GetGameName	56	static
../Core/doom/d_main.c:720:13:SetMissionForPackName	24	static
../Core/doom/d_main.c:756:6:D_IdentifyVersion	16	static
../Core/doom/d_main.c:840:13:D_SetGameDescription	8	static
../Core/doom/d_main.c:900:16:D_AddFile	24	static
../Core/doom/d_main.c:934:6:PrintDehackedBanners	16	static
../Core/doom/d_main.c:980:13:InitGameVersion	40	static
../Core/doom/d_main.c:1124:6:PrintGameVersion	16	static
../Core/doom/d_main.c:1142:13:D_Endoom	16	static
../Core/doom/d_main.c:1160:9:IsFrenchIWAD	8	static
../Core/doom/d_main.c:1262:13:G_CheckDemoStatusAtExit	8	static
../Core/doom/d_main.c:1270:6:D_DoomMain	480	static
