../Core/doom/deh_str.c:41:21:strhash	24	static
../Core/doom/deh_str.c:55:28:SubstitutionForString	24	static
../Core/doom/deh_str.c:83:13:DEH_String	24	static
../Core/doom/deh_str.c:99:13:InitHashTable	8	static
../Core/doom/deh_str.c:112:13:IncreaseHashtable	24	static
../Core/doom/deh_str.c:145:13:DEH_AddToHashtable	24	static
../Core/doom/deh_str.c:168:6:DEH_AddStringReplacement	24	static
../Core/doom/deh_str.c:223:21:FormatArgumentType	16	static
../Core/doom/deh_str.c:254:21:NextFormatArgument	24	static
../Core/doom/deh_str.c:303:16:ValidArgumentReplacement	16	static
../Core/doom/deh_str.c:329:16:ValidFormatReplacement	32	static
../Core/doom/deh_str.c:369:20:FormatStringReplacement	24	static
../Core/doom/deh_str.c:388:6:DEH_printf	16	static
../Core/doom/deh_str.c:404:6:DEH_fprintf	28	static
../Core/doom/deh_str.c:420:6:DEH_snprintf	24	static
