../Core/doom/deh_main.c:53:6:DEH_Checksum	112	static
../Core/doom/deh_main.c:73:13:InitializeSections	16	static
../Core/doom/deh_main.c:86:13:DEH_Init	8	static
../Core/doom/deh_main.c:107:23:GetSectionByName	24	static
../Core/doom/deh_main.c:132:16:IsWhitespace	16	static
../Core/doom/deh_main.c:145:14:CleanString	24	static
../Core/doom/deh_main.c:177:9:DEH_ParseAssignment	32	static
../Core/doom/deh_main.c:203:16:CheckSignatures	24	static
../Core/doom/deh_main.c:232:13:DEH_ParseComment	16	static
../Core/doom/deh_main.c:281:13:DEH_ParseContext	56	static
../Core/doom/deh_main.c:371:5:DEH_LoadFile	24	static
../Core/doom/deh_main.c:410:6:DEH_AutoLoadPatches	32	static
../Core/doom/deh_main.c:434:5:DEH_LoadLump	24	static
../Core/doom/deh_main.c:470:5:DEH_LoadLumpByName	24	static
../Core/doom/deh_main.c:486:6:DEH_ParseCommandLine	16	static
