../Core/doom/f_finale.c:109:6:F_StartFinale	16	static
../Core/doom/f_finale.c:161:9:F_Responder	16	static
../Core/doom/f_finale.c:173:6:F_Ticker	16	static
../Core/doom/f_finale.c:227:6:F_TextWrite	56	static
../Core/doom/f_finale.c:340:6:F_StartCast	8	static
../Core/doom/f_finale.c:358:6:F_CastTicker	16	static
../Core/doom/f_finale.c:465:9:F_CastResponder	16	static
../Core/doom/f_finale.c:486:6:F_CastPrint	48	static
../Core/doom/f_finale.c:541:6:F_CastDrawer	32	static
../Core/doom/f_finale.c:572:1:F_DrawPatchCol	48	static
../Core/doom/f_finale.c:606:6:F_BunnyScroll	40	static
../Core/doom/f_finale.c:661:13:F_ArtScreenDrawer	16	static
../Core/doom/f_finale.c:702:6:F_Drawer	8	static
