../Core/doom/g_game.c:231:5:G_CmdChecksum	24	static
../Core/doom/g_game.c:242:16:WeaponSelectable	16	static
../Core/doom/g_game.c:276:12:G_NextWeapon	32	static
../Core/doom/g_game.c:324:6:G_BuildTiccmd	48	static
../Core/doom/g_game.c:639:6:G_DoLoadLevel	16	static
../Core/doom/g_game.c:710:13:SetJoyButtons	24	static
../Core/doom/g_game.c:738:13:SetMouseButtons	24	static
../Core/doom/g_game.c:768:9:G_Responder	16	static
../Core/doom/g_game.c:888:6:G_Ticker	32	static
../Core/doom/g_game.c:1068:6:G_InitPlayer	16	static
../Core/doom/g_game.c:1078:6:G_PlayerFinishLevel	24	static
../Core/doom/g_game.c:1098:6:G_PlayerReborn	56	static
../Core/doom/g_game.c:1141:1:G_CheckSpot	48	static
../Core/doom/g_game.c:1244:6:G_DeathMatchSpawnPlayer	32	static
../Core/doom/g_game.c:1271:6:G_DoReborn	24	static
../Core/doom/g_game.c:1316:6:G_ScreenShot	4	static
../Core/doom/g_game.c:1348:6:G_ExitLevel	4	static
../Core/doom/g_game.c:1355:6:G_SecretExitLevel	8	static
../Core/doom/g_game.c:1365:6:G_DoCompleted	16	static
../Core/doom/g_game.c:1542:6:G_WorldDone	8	static
../Core/doom/g_game.c:1567:6:G_DoWorldDone	8	static
../Core/doom/g_game.c:1583:6:G_LoadGame	16	static
../Core/doom/g_game.c:1589:6:G_DoLoadGame	16	static
../Core/doom/g_game.c:1637:6:G_SaveGame	16	static
../Core/doom/g_game.c:1645:6:G_DoSaveGame	32	static
../Core/doom/g_game.c:1722:6:G_DeferedInitNew	24	static
../Core/doom/g_game.c:1732:6:G_DoNewGame	8	static
../Core/doom/g_game.c:1747:6:G_InitNew	32	static
../Core/doom/g_game.c:1910:6:G_ReadDemoTiccmd	16	static
../Core/doom/g_game.c:1938:13:IncreaseDemoBuffer	24	static
../Core/doom/g_game.c:1968:6:G_WriteDemoTiccmd	24	static
../Core/doom/g_game.c:2020:6:G_RecordDemo	32	static
../Core/doom/g_game.c:2050:5:G_VanillaVersionCode	4	static
../Core/doom/g_game.c:2066:6:G_BeginRecording	16	static
../Core/doom/g_game.c:2115:6:G_DeferedPlayDemo	16	static
../Core/doom/g_game.c:2123:20:DemoVersionDescription	24	static
../Core/doom/g_game.c:2162:6:G_DoPlayDemo	48	static
../Core/doom/g_game.c:2249:6:G_TimeDemo	16	static
../Core/doom/g_game.c:2277:9:G_CheckDemoStatus	32	static
