../Core/doom/hu_stuff.c:336:6:HU_Init	32	static
../Core/doom/hu_stuff.c:353:6:HU_Stop	4	static
../Core/doom/hu_stuff.c:358:6:HU_Start	32	static
../Core/doom/hu_stuff.c:435:6:HU_Drawer	8	static
../Core/doom/hu_stuff.c:445:6:HU_Erase	8	static
../Core/doom/hu_stuff.c:454:6:HU_Ticker	24	static
../Core/doom/hu_stuff.c:534:6:HU_queueChatChar	24	static
../Core/doom/hu_stuff.c:547:6:HU_dequeueChatChar	16	static
../Core/doom/hu_stuff.c:564:13:StartChatInput	16	static
../Core/doom/hu_stuff.c:573:13:StopChatInput	8	static
../Core/doom/hu_stuff.c:579:9:HU_Responder	48	static
