../Core/doom/i_oplmusic.c:363:16:LoadInstrumentTable	16	static
../Core/doom/i_oplmusic.c:382:21:GetFreeVoice	16	static
../Core/doom/i_oplmusic.c:416:13:ReleaseVoice	32	static
../Core/doom/i_oplmusic.c:461:13:LoadOperatorData	32	static
../Core/doom/i_oplmusic.c:491:13:SetVoiceInstrument	32	static
../Core/doom/i_oplmusic.c:538:13:SetVoiceVolume	40	static
../Core/doom/i_oplmusic.c:594:13:SetVoicePan	24	static
../Core/doom/i_oplmusic.c:607:13:InitVoices	16	static
../Core/doom/i_oplmusic.c:637:13:I_OPL_SetMusicVolume	24	static
../Core/doom/i_oplmusic.c:665:13:VoiceKeyOff	16	static
../Core/doom/i_oplmusic.c:671:28:TrackChannelForEvent	24	static
../Core/doom/i_oplmusic.c:693:13:KeyOffEvent	32	static
../Core/doom/i_oplmusic.c:731:13:ReplaceExistingVoice	16	static
../Core/doom/i_oplmusic.c:762:13:ReplaceExistingVoiceDoom1	16	static
../Core/doom/i_oplmusic.c:781:13:ReplaceExistingVoiceDoom2	32	static
../Core/doom/i_oplmusic.c:805:21:FrequencyForVoice	40	static
../Core/doom/i_oplmusic.c:883:13:UpdateVoiceFrequency	24	static
../Core/doom/i_oplmusic.c:907:13:VoiceKeyOn	32	static
../Core/doom/i_oplmusic.c:961:13:KeyOnEvent	56	static
../Core/doom/i_oplmusic.c:1075:13:ProgramChangeEvent	24	static
../Core/doom/i_oplmusic.c:1090:13:SetChannelVolume	32	static
../Core/doom/i_oplmusic.c:1120:13:SetChannelPan	24	static
../Core/doom/i_oplmusic.c:1164:13:AllNotesOff	24	static
../Core/doom/i_oplmusic.c:1181:13:ControllerEvent	32	static
../Core/doom/i_oplmusic.c:1222:13:PitchBendEvent	176	static
../Core/doom/i_oplmusic.c:1264:13:MetaSetTempo	16	static
../Core/doom/i_oplmusic.c:1272:13:MetaEvent	24	static
../Core/doom/i_oplmusic.c:1316:13:ProcessEvent	16	static
../Core/doom/i_oplmusic.c:1363:13:RestartSong	24	static
../Core/doom/i_oplmusic.c:1386:13:TrackTimerCallback	24	static
../Core/doom/i_oplmusic.c:1427:13:ScheduleTrack	64	static
../Core/doom/i_oplmusic.c:1445:13:InitChannel	16	static
../Core/doom/i_oplmusic.c:1462:13:StartTrack	24	static
../Core/doom/i_oplmusic.c:1476:13:I_OPL_PlaySong	24	static
../Core/doom/i_oplmusic.c:1522:13:I_OPL_PauseSong	16	static
../Core/doom/i_oplmusic.c:1548:13:I_OPL_ResumeSong	8	static
../Core/doom/i_oplmusic.c:1558:13:I_OPL_StopSong	16	static
../Core/doom/i_oplmusic.c:1595:13:I_OPL_UnRegisterSong	16	static
../Core/doom/i_oplmusic.c:1610:16:IsMid	16	static
../Core/doom/i_oplmusic.c:1615:16:ConvertMus	48	static
../Core/doom/i_oplmusic.c:1641:14:I_OPL_RegisterSong	24	static
../Core/doom/i_oplmusic.c:1684:16:I_OPL_MusicIsPlaying	4	static
../Core/doom/i_oplmusic.c:1696:13:I_OPL_ShutdownMusic	8	static
../Core/doom/i_oplmusic.c:1716:16:I_OPL_InitMusic	16	static
../Core/doom/i_oplmusic.c:1797:6:I_SetOPLDriverVer	16	static
../Core/doom/i_oplmusic.c:1809:12:NumActiveChannels	16	static
../Core/doom/i_oplmusic.c:1824:12:ChannelInUse	24	static
../Core/doom/i_oplmusic.c:1839:6:I_OPL_DevMessages	136	static
