../Core/doom/i_sound.c:122:16:SndDeviceInList	32	static
../Core/doom/i_sound.c:141:13:InitSfxModule	24	static
../Core/doom/i_sound.c:169:13:InitMusicModule	16	static
../Core/doom/i_sound.c:211:6:I_InitSound	24	static
../Core/doom/i_sound.c:286:6:I_ShutdownSound	8	static
../Core/doom/i_sound.c:306:5:I_GetSfxLumpNum	16	static
../Core/doom/i_sound.c:318:6:I_UpdateSound	8	static
../Core/doom/i_sound.c:331:13:CheckVolumeSeparation	16	static
../Core/doom/i_sound.c:352:6:I_UpdateSoundParams	24	static
../Core/doom/i_sound.c:361:5:I_StartSound	40	static
../Core/doom/i_sound.c:374:6:I_StopSound	16	static
../Core/doom/i_sound.c:382:9:I_SoundIsPlaying	16	static
../Core/doom/i_sound.c:394:6:I_PrecacheSounds	16	static
../Core/doom/i_sound.c:402:6:I_InitMusic	4	static
../Core/doom/i_sound.c:406:6:I_ShutdownMusic	4	static
../Core/doom/i_sound.c:410:6:I_SetMusicVolume	16	static
../Core/doom/i_sound.c:425:6:I_PauseSong	8	static
../Core/doom/i_sound.c:433:6:I_ResumeSong	8	static
../Core/doom/i_sound.c:441:7:I_RegisterSong	16	static
../Core/doom/i_sound.c:474:6:I_UnRegisterSong	16	static
../Core/doom/i_sound.c:482:6:I_PlaySong	16	static
../Core/doom/i_sound.c:490:6:I_StopSong	8	static
../Core/doom/i_sound.c:498:9:I_MusicIsPlaying	8	static
../Core/doom/i_sound.c:510:6:I_BindSoundVariables	8	static
