../Core/doom/i_system.c:68:6:I_AtExit	24	static
../Core/doom/i_system.c:86:6:I_Tactile	24	static
../Core/doom/i_system.c:94:14:AutoAllocMemory	32	static
../Core/doom/i_system.c:136:7:I_ZoneBase	32	static
../Core/doom/i_system.c:184:6:I_PrintBanner	24	static
../Core/doom/i_system.c:195:6:I_PrintDivider	16	static
../Core/doom/i_system.c:207:6:I_PrintStartupBanner	16	static
../Core/doom/i_system.c:228:9:I_ConsoleStdout	8	static
../Core/doom/i_system.c:260:6:I_Quit	16	static
../Core/doom/i_system.c:286:6:I_Error	536	static
../Core/doom/i_system.c:367:7:I_Realloc	24	static
../Core/doom/i_system.c:411:9:I_GetMemoryValue	40	static
