../Core/doom/m_config.c:2080:19:SearchCollection	24	static
../Core/doom/m_config.c:2124:13:SaveDefaultCollection	16	static
../Core/doom/m_config.c:2230:12:ParseIntParameter	24	static
../Core/doom/m_config.c:2242:13:SetVariable	48	static
../Core/doom/m_config.c:2319:13:LoadDefaultCollection	16	static
../Core/doom/m_config.c:2383:6:M_SetConfigFilenames	16	static
../Core/doom/m_config.c:2393:6:M_SaveDefaults	8	static
../Core/doom/m_config.c:2403:6:M_SaveDefaultsAlternate	24	static
../Core/doom/m_config.c:2428:6:M_LoadDefaults	16	static
../Core/doom/m_config.c:2487:19:GetDefaultForName	24	static
../Core/doom/m_config.c:2514:6:M_BindIntVariable	24	static
../Core/doom/m_config.c:2525:6:M_BindFloatVariable	24	static
../Core/doom/m_config.c:2536:6:M_BindStringVariable	24	static
../Core/doom/m_config.c:2550:9:M_SetVariable	24	static
../Core/doom/m_config.c:2568:5:M_GetIntVariable	24	static
../Core/doom/m_config.c:2582:13:M_GetStringVariable	24	static
../Core/doom/m_config.c:2596:7:M_GetFloatVariable	24	static
../Core/doom/m_config.c:2613:14:GetDefaultConfigDir	8	static
../Core/doom/m_config.c:2647:6:M_SetConfigDir	16	static
../Core/doom/m_config.c:2679:6:M_SetMusicPackDir	4	static
../Core/doom/m_config.c:2722:7:M_GetSaveGameDir	24	static
../Core/doom/m_config.c:2768:7:M_GetAutoloadDir	24	static
