../Core/doom/m_menu.c:466:6:M_ReadSaveStrings	280	static
../Core/doom/m_menu.c:493:6:M_DrawLoad	16	static
../Core/doom/m_menu.c:510:6:M_DrawSaveLoadBorder	32	static
../Core/doom/m_menu.c:531:6:M_LoadSelect	272	static
../Core/doom/m_menu.c:544:6:M_LoadGame	16	static
../Core/doom/m_menu.c:559:6:M_DrawSave	16	static
../Core/doom/m_menu.c:580:6:M_DoSave	16	static
../Core/doom/m_menu.c:594:13:SetDefaultSaveName	32	static
../Core/doom/m_menu.c:624:6:M_SaveSelect	24	static
../Core/doom/m_menu.c:653:6:M_SaveGame	16	static
../Core/doom/m_menu.c:673:6:M_QuickSaveResponse	16	static
../Core/doom/m_menu.c:682:6:M_QuickSave	8	static
../Core/doom/m_menu.c:709:6:M_QuickLoadResponse	16	static
../Core/doom/m_menu.c:718:6:M_QuickLoad	8	static
../Core/doom/m_menu.c:740:6:M_DrawReadThis1	8	static
../Core/doom/m_menu.c:750:6:M_DrawReadThis2	8	static
../Core/doom/m_menu.c:760:6:M_DrawReadThisCommercial	8	static
../Core/doom/m_menu.c:770:6:M_DrawSound	8	static
../Core/doom/m_menu.c:781:6:M_Sound	16	static
../Core/doom/m_menu.c:786:6:M_SfxVol	16	static
../Core/doom/m_menu.c:803:6:M_MusicVol	16	static
../Core/doom/m_menu.c:823:6:M_DrawMainMenu	8	static
../Core/doom/m_menu.c:832:6:M_DrawNewGame	8	static
../Core/doom/m_menu.c:838:6:M_NewGame	16	static
../Core/doom/m_menu.c:859:6:M_DrawEpisode	8	static
../Core/doom/m_menu.c:864:6:M_VerifyNightmare	16	static
../Core/doom/m_menu.c:873:6:M_ChooseSkill	16	static
../Core/doom/m_menu.c:885:6:M_Episode	16	static
../Core/doom/m_menu.c:904:6:M_DrawOptions	16	static
../Core/doom/m_menu.c:923:6:M_Options	16	static
../Core/doom/m_menu.c:931:6:M_ChangeMessages	24	static
../Core/doom/m_menu.c:948:6:M_EndGameResponse	16	static
../Core/doom/m_menu.c:958:6:M_EndGame	16	static
../Core/doom/m_menu.c:979:6:M_ReadThis	16	static
../Core/doom/m_menu.c:985:6:M_ReadThis2	16	static
../Core/doom/m_menu.c:991:6:M_FinishReadThis	16	static
../Core/doom/m_menu.c:1022:6:M_QuitResponse	16	static
../Core/doom/m_menu.c:1037:20:M_SelectEndMessage	16	static
../Core/doom/m_menu.c:1057:6:M_QuitDOOM	16	static
../Core/doom/m_menu.c:1065:6:M_ChangeSensitivity	16	static
../Core/doom/m_menu.c:1080:6:M_ChangeDetail	24	static
../Core/doom/m_menu.c:1093:6:M_SizeDisplay	16	static
../Core/doom/m_menu.c:1119:6:M_DrawThermo	40	static
../Core/doom/m_menu.c:1141:6:M_StartMessage	24	static
../Core/doom/m_menu.c:1157:5:M_StringWidth	32	static
../Core/doom/m_menu.c:1178:5:M_StringHeight	32	static
../Core/doom/m_menu.c:1195:6:M_WriteText	48	static
../Core/doom/m_menu.c:1239:16:IsNullKey	16	static
../Core/doom/m_menu.c:1251:9:M_Responder	40	static
../Core/doom/m_menu.c:1793:6:M_StartControlPanel	4	static
../Core/doom/m_menu.c:1806:13:M_DrawOPLDev	1048	static
../Core/doom/m_menu.c:1844:6:M_Drawer	120	static
../Core/doom/m_menu.c:1932:6:M_ClearMenus	4	static
../Core/doom/m_menu.c:1942:6:M_SetupNextMenu	16	static
../Core/doom/m_menu.c:1951:6:M_Ticker	4	static
../Core/doom/m_menu.c:1963:6:M_Init	16	static
