../Core/doom/m_misc.c:150:7:M_ConvertSysNativeMBToUtf8	16	static
../Core/doom/m_misc.c:176:7:M_ConvertUtf8ToSysNativeMB	16	static
../Core/doom/m_misc.c:199:7:M_fopen	16	static
../Core/doom/m_misc.c:232:5:M_remove	16	static
../Core/doom/m_misc.c:255:5:M_rename	16	static
../Core/doom/m_misc.c:288:5:M_stat	16	static
../Core/doom/m_misc.c:328:7:M_getenv	16	static
../Core/doom/m_misc.c:378:6:M_MakeDirectory	32	static
../Core/doom/m_misc.c:417:9:M_FileExists	40	static
../Core/doom/m_misc.c:452:7:M_FileCaseExists	32	static
../Core/doom/m_misc.c:540:6:M_FileLength	16	static
../Core/doom/m_misc.c:569:9:M_WriteFile	592	static
../Core/doom/m_misc.c:629:5:M_ReadFile	592	static
../Core/doom/m_misc.c:656:7:M_TempFile	24	static
../Core/doom/m_misc.c:679:9:M_StrToInt	16	static
../Core/doom/m_misc.c:688:7:M_DirName	32	static
../Core/doom/m_misc.c:715:13:M_BaseName	32	static
../Core/doom/m_misc.c:736:6:M_ExtractFileBase	32	static
../Core/doom/m_misc.c:781:6:M_ForceUppercase	24	static
../Core/doom/m_misc.c:799:6:M_ForceLowercase	24	static
../Core/doom/m_misc.c:815:13:M_StrCaseStr	32	static
../Core/doom/m_misc.c:848:7:M_StringDuplicate	24	static
../Core/doom/m_misc.c:867:7:M_StringReplace	48	static
../Core/doom/m_misc.c:931:9:M_StringCopy	32	static
../Core/doom/m_misc.c:952:9:M_StringConcat	32	static
../Core/doom/m_misc.c:967:9:M_StringStartsWith	24	static
../Core/doom/m_misc.c:974:9:M_StringEndsWith	24	static
../Core/doom/m_misc.c:982:7:M_StringJoin	24	static
../Core/doom/m_misc.c:1038:5:M_vsnprintf	32	static
../Core/doom/m_misc.c:1064:5:M_snprintf	24	static
../Core/doom/m_misc.c:1086:6:M_NormalizeSlashes	24	static
