../Core/doom/net_common.c:54:13:NET_Conn_Init	24	static
../Core/doom/net_common.c:69:6:NET_Conn_InitClient	24	static
../Core/doom/net_common.c:78:6:NET_Conn_InitServer	24	static
../Core/doom/net_common.c:89:6:NET_Conn_SendPacket	16	static
../Core/doom/net_common.c:95:13:NET_Conn_ParseDisconnect	24	static
../Core/doom/net_common.c:115:13:NET_Conn_ParseDisconnectACK	16	static
../Core/doom/net_common.c:130:13:NET_Conn_ParseReliableACK	24	static
../Core/doom/net_common.c:165:16:NET_Conn_ReliablePacket	32	static
../Core/doom/net_common.c:219:9:NET_Conn_Packet	24	static
../Core/doom/net_common.c:265:6:NET_Conn_Disconnect	16	static
../Core/doom/net_common.c:278:6:NET_Conn_Run	24	static
../Core/doom/net_common.c:371:15:NET_Conn_NewReliable	32	static
../Core/doom/net_common.c:413:14:NET_ExpandTicNum	32	static
../Core/doom/net_common.c:433:9:NET_ValidGameSettings	16	static
../Core/doom/net_common.c:457:13:CloseLog	8	static
../Core/doom/net_common.c:466:6:NET_OpenLog	16	static
../Core/doom/net_common.c:482:6:NET_Log	24	static
../Core/doom/net_common.c:498:6:NET_LogPacket	24	static
