../Core/doom/p_map.c:97:9:PIT_StompThing	24	static
../Core/doom/p_map.c:131:1:P_TeleportMove	56	static
../Core/doom/p_map.c:206:9:PIT_CheckLine	16	static
../Core/doom/p_map.c:275:9:PIT_CheckThing	32	static
../Core/doom/p_map.c:402:1:P_CheckPosition	56	static
../Core/doom/p_map.c:478:1:P_TryMove	48	static
../Core/doom/p_map.c:557:9:P_ThingHeightClip	24	static
../Core/doom/p_map.c:611:6:P_HitSlideLine	40	static
../Core/doom/p_map.c:663:9:PTR_SlideTraverse	24	static
../Core/doom/p_map.c:722:6:P_SlideMove	56	static
../Core/doom/p_map.c:839:1:PTR_AimTraverse	40	static
../Core/doom/p_map.c:924:9:PTR_ShootTraverse	64	static
../Core/doom/p_map.c:1064:1:P_AimLineAttack	40	static
../Core/doom/p_map.c:1106:1:P_LineAttack	40	static
../Core/doom/p_map.c:1138:9:PTR_UseTraverse	24	static
../Core/doom/p_map.c:1173:6:P_UseLines	48	static
../Core/doom/p_map.c:1207:9:PIT_RadiusAttack	32	static
../Core/doom/p_map.c:1249:1:P_RadiusAttack	56	static
../Core/doom/p_map.c:1300:9:PIT_ChangeSector	24	static
../Core/doom/p_map.c:1365:1:P_ChangeSector	24	static
../Core/doom/p_map.c:1388:13:SpechitOverrun	24	static
