../Core/doom/p_maputl.c:45:1:P_AproxDistance	16	static
../Core/doom/p_maputl.c:62:1:P_PointOnLineSide	40	static
../Core/doom/p_maputl.c:106:1:P_BoxOnLineSide	24	static
../Core/doom/p_maputl.c:157:1:P_PointOnDivlineSide	40	static
../Core/doom/p_maputl.c:207:1:P_MakeDivline	16	static
../Core/doom/p_maputl.c:227:1:P_InterceptVector	40	static
../Core/doom/p_maputl.c:296:6:P_LineOpening	24	static
../Core/doom/p_maputl.c:343:6:P_UnsetThingPosition	24	static
../Core/doom/p_maputl.c:392:1:P_SetThingPosition	40	static
../Core/doom/p_maputl.c:468:1:P_BlockLinesIterator	40	static
../Core/doom/p_maputl.c:509:1:P_BlockThingsIterator	32	static
../Core/doom/p_maputl.c:561:1:PIT_AddLineIntercepts	48	static
../Core/doom/p_maputl.c:616:9:PIT_AddThingIntercepts	64	static
../Core/doom/p_maputl.c:684:1:P_TraverseIntercepts	32	static
../Core/doom/p_maputl.c:783:13:InterceptsMemoryOverrun	32	static
../Core/doom/p_maputl.c:828:13:InterceptsOverrun	24	static
../Core/doom/p_maputl.c:862:1:P_PathTraverse	88	static
