../Core/doom/p_pspr.c:50:1:P_SetPsprite	32	static
../Core/doom/p_pspr.c:103:6:P_CalcSwing	24	static
../Core/doom/p_pspr.c:129:6:P_BringUpWeapon	24	static
../Core/doom/p_pspr.c:152:9:P_CheckAmmo	24	static
../Core/doom/p_pspr.c:237:6:P_FireWeapon	24	static
../Core/doom/p_pspr.c:256:6:P_DropWeapon	16	static
../Core/doom/p_pspr.c:273:1:A_WeaponReady	24	static
../Core/doom/p_pspr.c:334:6:A_ReFire	16	static
../Core/doom/p_pspr.c:357:1:A_CheckReload	16	static
../Core/doom/p_pspr.c:376:1:A_Lower	16	static
../Core/doom/p_pspr.c:414:1:A_Raise	24	static
../Core/doom/p_pspr.c:440:1:A_GunFlash	16	static
../Core/doom/p_pspr.c:459:1:A_Punch	48	static
../Core/doom/p_pspr.c:493:1:A_Saw	40	static
../Core/doom/p_pspr.c:542:13:DecreaseAmmo	24	static
../Core/doom/p_pspr.c:559:1:A_FireMissile	16	static
../Core/doom/p_pspr.c:572:1:A_FireBFG	16	static
../Core/doom/p_pspr.c:587:1:A_FirePlasma	24	static
../Core/doom/p_pspr.c:610:6:P_BulletSlope	24	static
../Core/doom/p_pspr.c:635:1:P_GunShot	32	static
../Core/doom/p_pspr.c:656:1:A_FirePistol	16	static
../Core/doom/p_pspr.c:678:1:A_FireShotgun	24	static
../Core/doom/p_pspr.c:705:1:A_FireShotgun2	48	static
../Core/doom/p_pspr.c:742:1:A_FireCGun	16	static
../Core/doom/p_pspr.c:770:6:A_Light0	16	static
../Core/doom/p_pspr.c:775:6:A_Light1	16	static
../Core/doom/p_pspr.c:780:6:A_Light2	16	static
../Core/doom/p_pspr.c:790:6:A_BFGSpray	32	static
../Core/doom/p_pspr.c:827:1:A_BFGsound	16	static
../Core/doom/p_pspr.c:840:6:P_SetupPsprites	24	static
../Core/doom/p_pspr.c:860:6:P_MovePsprites	24	static
