../Core/doom/s_sound.c:114:6:S_Init	24	static
../Core/doom/s_sound.c:168:6:S_Shutdown	8	static
../Core/doom/s_sound.c:174:13:S_StopChannel	24	static
../Core/doom/s_sound.c:214:6:S_Start	64	static
../Core/doom/s_sound.c:266:6:S_StopSound	24	static
../Core/doom/s_sound.c:285:12:S_GetChannel	24	static
../Core/doom/s_sound.c:346:12:S_AdjustSoundParams	40	static
../Core/doom/s_sound.c:412:12:Clamp	16	static
../Core/doom/s_sound.c:425:6:S_StartSound	64	static
../Core/doom/s_sound.c:529:6:S_PauseSound	8	static
../Core/doom/s_sound.c:538:6:S_ResumeSound	8	static
../Core/doom/s_sound.c:551:6:S_UpdateSounds	40	static
../Core/doom/s_sound.c:618:6:S_SetMusicVolume	16	static
../Core/doom/s_sound.c:629:6:S_SetSfxVolume	16	static
../Core/doom/s_sound.c:643:6:S_StartMusic	16	static
../Core/doom/s_sound.c:648:6:S_ChangeMusic	48	static
../Core/doom/s_sound.c:695:9:S_MusicPlaying	8	static
../Core/doom/s_sound.c:700:6:S_StopMusic	8	static
