../Core/doom/st_lib.c:45:6:STlib_init	8	static
../Core/doom/st_lib.c:56:1:STlib_initNum	24	static
../Core/doom/st_lib.c:81:1:STlib_drawNum	64	static
../Core/doom/st_lib.c:143:1:STlib_updateNum	16	static
../Core/doom/st_lib.c:153:1:STlib_initPercent	40	static
../Core/doom/st_lib.c:170:1:STlib_updatePercent	16	static
../Core/doom/st_lib.c:183:1:STlib_initMultIcon	24	static
../Core/doom/st_lib.c:202:1:STlib_updateMultIcon	48	static
../Core/doom/st_lib.c:235:1:STlib_initBinIcon	24	static
../Core/doom/st_lib.c:254:1:STlib_updateBinIcon	48	static
