../Core/doom/st_stuff.c:343:6:ST_refreshBackground	24	static
../Core/doom/st_stuff.c:370:1:ST_Responder	56	static
../Core/doom/st_stuff.c:612:5:ST_calcPainOffset	16	static
../Core/doom/st_stuff.c:635:6:ST_updateFaceWidget	24	static
../Core/doom/st_stuff.c:807:6:ST_updateWidgets	16	static
../Core/doom/st_stuff.c:871:6:ST_Ticker	8	static
../Core/doom/st_stuff.c:882:6:ST_doPaletteStuff	24	static
../Core/doom/st_stuff.c:947:6:ST_drawWidgets	24	static
../Core/doom/st_stuff.c:982:6:ST_doRefresh	8	static
../Core/doom/st_stuff.c:995:6:ST_diffDraw	8	static
../Core/doom/st_stuff.c:1001:6:ST_Drawer	16	static
../Core/doom/st_stuff.c:1022:13:ST_loadUnloadGraphics	48	static
../Core/doom/st_stuff.c:1117:13:ST_loadCallback	16	static
../Core/doom/st_stuff.c:1122:6:ST_loadGraphics	8	static
../Core/doom/st_stuff.c:1127:6:ST_loadData	8	static
../Core/doom/st_stuff.c:1133:13:ST_unloadCallback	16	static
../Core/doom/st_stuff.c:1139:6:ST_unloadGraphics	8	static
../Core/doom/st_stuff.c:1144:6:ST_unloadData	8	static
../Core/doom/st_stuff.c:1149:6:ST_initData	16	static
../Core/doom/st_stuff.c:1177:6:ST_createWidgets	40	static
../Core/doom/st_stuff.c:1340:6:ST_Start	8	static
../Core/doom/st_stuff.c:1352:6:ST_Stop	8	static
../Core/doom/st_stuff.c:1362:6:ST_Init	8	static
