../Core/doom/v_video.c:71:6:V_MarkRect	24	static
../Core/doom/v_video.c:87:6:V_CopyRect	32	static
../Core/doom/v_video.c:131:6:V_SetPatchClipCallback	16	static
../Core/doom/v_video.c:141:6:V_DrawPatch	56	static
../Core/doom/v_video.c:205:6:V_DrawPatchFlipped	56	static
../Core/doom/v_video.c:270:6:V_DrawPatchDirect	24	static
../Core/doom/v_video.c:281:6:V_DrawTLPatch	56	static
../Core/doom/v_video.c:332:6:V_DrawXlaPatch	56	static
../Core/doom/v_video.c:382:6:V_DrawAltTLPatch	56	static
../Core/doom/v_video.c:433:6:V_DrawShadowedPatch	64	static
../Core/doom/v_video.c:488:6:V_LoadTintTable	8	static
../Core/doom/v_video.c:499:6:V_LoadXlaTable	8	static
../Core/doom/v_video.c:509:6:V_DrawBlock	32	static
../Core/doom/v_video.c:535:6:V_DrawFilledBox	40	static
../Core/doom/v_video.c:555:6:V_DrawHorizLine	32	static
../Core/doom/v_video.c:568:6:V_DrawVertLine	32	static
../Core/doom/v_video.c:582:6:V_DrawBox	24	static
../Core/doom/v_video.c:595:6:V_DrawRawScreen	16	static
../Core/doom/v_video.c:603:6:V_Init	4	static
../Core/doom/v_video.c:612:6:V_UseBuffer	16	static
../Core/doom/v_video.c:619:6:V_RestoreBuffer	4	static
../Core/doom/v_video.c:659:6:WritePCXfile	40	static
../Core/doom/v_video.c:835:6:V_ScreenShot	56	static
../Core/doom/v_video.c:904:13:DrawAcceleratingBox	40	static
../Core/doom/v_video.c:966:13:DrawNonAcceleratingBox	24	static
../Core/doom/v_video.c:986:6:V_DrawMouseSpeedBox	40	static
