../Core/doom/wi_stuff.c:402:6:WI_slamBackground	8	static
../Core/doom/wi_stuff.c:409:9:WI_Responder	16	static
../Core/doom/wi_stuff.c:416:6:WI_drawLF	64	static
../Core/doom/wi_stuff.c:453:6:WI_drawEL	16	static
../Core/doom/wi_stuff.c:472:1:WI_drawOnLnode	40	static
../Core/doom/wi_stuff.c:520:6:WI_initAnimatedBack	24	static
../Core/doom/wi_stuff.c:549:6:WI_updateAnimatedBack	24	static
../Core/doom/wi_stuff.c:600:6:WI_drawAnimatedBack	16	static
../Core/doom/wi_stuff.c:629:1:WI_drawNum	40	static
../Core/doom/wi_stuff.c:686:1:WI_drawPercent	24	static
../Core/doom/wi_stuff.c:705:1:WI_drawTime	32	static
../Core/doom/wi_stuff.c:741:6:WI_End	8	static
../Core/doom/wi_stuff.c:747:6:WI_initNoState	4	static
../Core/doom/wi_stuff.c:754:6:WI_updateNoState	8	static
../Core/doom/wi_stuff.c:773:6:WI_initShowNextLoc	8	static
../Core/doom/wi_stuff.c:782:6:WI_updateShowNextLoc	8	static
../Core/doom/wi_stuff.c:792:6:WI_drawShowNextLoc	16	static
../Core/doom/wi_stuff.c:833:6:WI_drawNoState	8	static
../Core/doom/wi_stuff.c:839:5:WI_fragSum	24	static
../Core/doom/wi_stuff.c:870:6:WI_initDeathmatchStats	16	static
../Core/doom/wi_stuff.c:899:6:WI_updateDeathmatchStats	24	static
../Core/doom/wi_stuff.c:1002:6:WI_drawDeathmatchStats	32	static
../Core/doom/wi_stuff.c:1090:6:WI_initNetgameStats	16	static
../Core/doom/wi_stuff.c:1118:6:WI_updateNetgameStats	32	static
../Core/doom/wi_stuff.c:1273:6:WI_drawNetgameStats	24	static
../Core/doom/wi_stuff.c:1330:6:WI_initStats	8	static
../Core/doom/wi_stuff.c:1342:6:WI_updateStats	8	static
../Core/doom/wi_stuff.c:1448:6:WI_drawStats	16	static
../Core/doom/wi_stuff.c:1482:6:WI_checkForAccelerate	16	static
../Core/doom/wi_stuff.c:1515:6:WI_Ticker	8	static
../Core/doom/wi_stuff.c:1555:13:WI_loadUnloadData	48	static
../Core/doom/wi_stuff.c:1708:13:WI_loadCallback	16	static
../Core/doom/wi_stuff.c:1713:6:WI_loadData	8	static
../Core/doom/wi_stuff.c:1739:13:WI_unloadCallback	16	static
../Core/doom/wi_stuff.c:1745:6:WI_unloadData	8	static
../Core/doom/wi_stuff.c:1756:6:WI_Drawer	8	static
../Core/doom/wi_stuff.c:1780:6:WI_initVariables	16	static
../Core/doom/wi_stuff.c:1822:6:WI_Start	16	static
